// Jest Snapshot v1, https://goo.gl/fbAQLP

exports[`Should render loading without props 1`] = `
<div
  className="bg-background-color flex flex-col items-center justify-center h-full text-[2rem] font-light"
>
  <div
    className="lf-player-container"
  >
    <div
      id="lottie"
      style={
        Object {
          "background": "transparent",
          "margin": "0 auto",
          "outline": "none",
          "overflow": "hidden",
        }
      }
    />
  </div>
  <h1
    className="text-sm-lightwhite"
  >
    Loading...
  </h1>
</div>
`;
