// Jest Snapshot v1, https://goo.gl/fbAQLP

exports[`should render the title area with no props 1`] = `
<div>
  <h2
    className="text-[2.4375rem] font-normal mb-4"
  >
    Tool to easy your life at 
    <span
      className="text-[#f26506]"
    >
      sleeper
    </span>
     
    fantasy platform
  </h2>
  <p
    className="text-xl font-['Open Sans, sans-serif'] md:text-[1.4rem]"
  >
    Insert your username to check all players with non ok injury status
  </p>
</div>
`;
